// Jest Snapshot v1, https://goo.gl/fbAQLP

exports[`Dog renders the Dog component 1`] = `
<Fragment>
  <h2
    className="dogName"
  >
    Billy
  </h2>
  <p
    className="dogAge"
  >
    Age: 
    12
     years old
  </p>
  <p
    className="dogWeight"
  >
    Weight: 
    70 lbs
  </p>
</Fragment>
`;
